peak_can_bmc_acceleration_t.acceleration_x:
peak_can_bmc_acceleration_t.acceleration_y:
peak_can_bmc_acceleration_t.acceleration_z:
peak_can_bmc_acceleration_t.temperature:
peak_can_bmc_acceleration_t.vertical_axis:
peak_can_bmc_acceleration_t.orientation:
peak_can_bmc_magnetic_field_t.magnetic_field_x:
peak_can_bmc_magnetic_field_t.magnetic_field_y:
peak_can_bmc_magnetic_field_t.magnetic_field_z:
peak_can_l3_gd20_rotation_a_t.rotation_x:
peak_can_l3_gd20_rotation_a_t.rotation_y:
peak_can_l3_gd20_rotation_b_t.rotation_z:
peak_can_gps_status_t.gps_antenna_status:
peak_can_gps_status_t.gps_num_satellites:
peak_can_gps_status_t.gps_navigation_method:
peak_can_gps_course_speed_t.gps_course:
peak_can_gps_course_speed_t.gps_speed:
peak_can_gps_position_longitude_t.gps_longitude_minutes:
peak_can_gps_position_longitude_t.gps_longitude_degree:
peak_can_gps_position_longitude_t.gps_indicator_ew:
peak_can_gps_position_latitude_t.gps_latitude_minutes:
peak_can_gps_position_latitude_t.gps_latitude_degree:
peak_can_gps_position_latitude_t.gps_indicator_ns:
peak_can_gps_position_altitude_t.gps_altitude:
peak_can_gps_delusions_a_t.gps_pdop:
peak_can_gps_delusions_a_t.gps_hdop:
peak_can_gps_delusions_b_t.gps_vdop:
peak_can_gps_date_time_t.utc_year:
peak_can_gps_date_time_t.utc_month:
peak_can_gps_date_time_t.utc_day_of_month:
peak_can_gps_date_time_t.utc_hour:
peak_can_gps_date_time_t.utc_minute:
peak_can_gps_date_time_t.utc_second:
peak_can_io_t.din1_status:
peak_can_io_t.din2_status:
peak_can_io_t.dout_status:
peak_can_io_t.sd_present:
peak_can_io_t.gps_power_status:
peak_can_io_t.device_id:
peak_can_rtc_date_time_t.rtc_sec:
peak_can_rtc_date_time_t.rtc_min:
peak_can_rtc_date_time_t.rtc_hour:
peak_can_rtc_date_time_t.rtc_day_of_week:
peak_can_rtc_date_time_t.rtc_day_of_month:
peak_can_rtc_date_time_t.rtc_month:
peak_can_rtc_date_time_t.rtc_year:
